[dotenv@17.2.3] injecting env (24) from .env -- tip: 🛠️  run anywhere with `dotenvx run -- yourcommand`
✅ Connected to database

🚀 Starting NUCLEAR FILTER SYNC V2...

📋 Found 126 categories


📂 Processing: 0-10V LED DRIVERS
   └─ Scanning 1 categories (self + children)
   🏷️  Found 17 unique attributes
   ➕ Added to available: 0
   ➖ Removed from available: 0
   ➖ Removed from active: 0
   ✅ Available: 17, Active: 0

📂 Processing: 120V OUTDOOR
   └─ Scanning 4 categories (self + children)
   🏷️  Found 0 unique attributes
   ⏭️  No attributes found, skipping

📂 Processing: ACCESSORIES
   └─ Scanning 1 categories (self + children)
   🏷️  Found 0 unique attributes
   ⏭️  No attributes found, skipping

📂 Processing: ACCESSORIES
   └─ Scanning 1 categories (self + children)
   🏷️  Found 0 unique attributes
   ⏭️  No attributes found, skipping

📂 Processing: ACCESSORIES
   └─ Scanning 1 categories (self + children)
   🏷️  Found 12 unique attributes
   ➕ Added to available: 0
   ➖ Removed from available: 0
   ➖ Removed from active: 0
   ✅ Available: 12, Active: 0

📂 Processing: ACCESSORIES
   └─ Scanning 1 categories (self + children)
   🏷️  Found 0 unique attributes
   ⏭️  No attributes found, skipping

📂 Processing: ACCESSORIES
   └─ Scanning 1 categories (self + children)
   🏷️  Found 9 unique attributes
   ➕ Added to available: 0
   ➖ Removed from available: 0
   ➖ Removed from active: 0
   ✅ Available: 9, Active: 0

📂 Processing: ACCESSORIES
   └─ Scanning 1 categories (self + children)
   🏷️  Found 0 unique attributes
   ⏭️  No attributes found, skipping

📂 Processing: ACCESSORIES
   └─ Scanning 1 categories (self + children)
   🏷️  Found 0 unique attributes
   ⏭️  No attributes found, skipping

📂 Processing: ACCESSORIES
   └─ Scanning 1 categories (self + children)
   🏷️  Found 8 unique attributes
   ➕ Added to available: 0
   ➖ Removed from available: 0
   ➖ Removed from active: 0
   ✅ Available: 8, Active: 0

📂 Processing: ACCESSORIES
   └─ Scanning 1 categories (self + children)
   🏷️  Found 0 unique attributes
   ⏭️  No attributes found, skipping

📂 Processing: ADJUSTABLE COLOR TEMPERATURE LED STRIP
   └─ Scanning 1 categories (self + children)
   🏷️  Found 19 unique attributes
   ➕ Added to available: 0
   ➖ Removed from available: 0
   ➖ Removed from active: 0
   ✅ Available: 19, Active: 0

📂 Processing: ADORNE COLLECTION
   └─ Scanning 11 categories (self + children)
   🏷️  Found 39 unique attributes
   ➕ Added to available: 0
   ➖ Removed from available: 0
   ➖ Removed from active: 0
   ✅ Available: 39, Active: 0

📂 Processing: AMPLIFIERS
   └─ Scanning 1 categories (self + children)
   🏷️  Found 15 unique attributes
   ➕ Added to available: 0
   ➖ Removed from available: 0
   ➖ Removed from active: 0
   ✅ Available: 15, Active: 0

📂 Processing: ANGULAR
   └─ Scanning 1 categories (self + children)
   🏷️  Found 17 unique attributes
   ➕ Added to available: 0
   ➖ Removed from available: 0
   ➖ Removed from active: 0
   ✅ Available: 17, Active: 0

📂 Processing: APP CONTROL
   └─ Scanning 1 categories (self + children)
   🏷️  Found 23 unique attributes
   ➕ Added to available: 0
   ➖ Removed from available: 0
   ➖ Removed from active: 0
   ✅ Available: 23, Active: 0

📂 Processing: APP CONTROL
   └─ Scanning 1 categories (self + children)
   🏷️  Found 21 unique attributes
   ➕ Added to available: 0
   ➖ Removed from available: 0
   ➖ Removed from active: 0
   ✅ Available: 21, Active: 0

📂 Processing: Backlighting
   └─ Scanning 5 categories (self + children)
   🏷️  Found 25 unique attributes
   ➕ Added to available: 0
   ➖ Removed from available: 0
   ➖ Removed from active: 0
   ✅ Available: 25, Active: 1

📂 Processing: BY CATEGORIES
   └─ Scanning 126 categories (self + children)
   🏷️  Found 106 unique attributes
   ➕ Added to available: 0
   ➖ Removed from available: 0
   ➖ Removed from active: 0
   ✅ Available: 106, Active: 0

📂 Processing: CABLE CONNECTORS
   └─ Scanning 1 categories (self + children)
   🏷️  Found 8 unique attributes
   ➕ Added to available: 0
   ➖ Removed from available: 0
   ➖ Removed from active: 0
   ✅ Available: 8, Active: 0

📂 Processing: CABLE MODELS
   └─ Scanning 1 categories (self + children)
   🏷️  Found 7 unique attributes
   ➕ Added to available: 0
   ➖ Removed from available: 0
   ➖ Removed from active: 0
   ✅ Available: 7, Active: 0

📂 Processing: Cables
   └─ Scanning 4 categories (self + children)
   🏷️  Found 10 unique attributes
   ➕ Added to available: 0
   ➖ Removed from available: 0
   ➖ Removed from active: 0
   ✅ Available: 10, Active: 0

📂 Processing: CAN-FREE RECESSED LIGHTS
   └─ Scanning 3 categories (self + children)
   🏷️  Found 30 unique attributes
   ➕ Added to available: 0
   ➖ Removed from available: 0
   ➖ Removed from active: 0
   ✅ Available: 30, Active: 0

📂 Processing: CASETTA
   └─ Scanning 9 categories (self + children)
   🏷️  Found 0 unique attributes
   ⏭️  No attributes found, skipping

📂 Processing: Ceiling Lights
   └─ Scanning 14 categories (self + children)
   🏷️  Found 35 unique attributes
   ➕ Added to available: 0
   ➖ Removed from available: 0
   ➖ Removed from active: 0
   ✅ Available: 35, Active: 0

📂 Processing: CONSTANT VOLTAGE
   └─ Scanning 1 categories (self + children)
   🏷️  Found 22 unique attributes
   ➕ Added to available: 0
   ➖ Removed from available: 0
   ➖ Removed from active: 0
   ✅ Available: 22, Active: 0

📂 Processing: Control Units
   └─ Scanning 1 categories (self + children)
   🏷️  Found 9 unique attributes
   ➕ Added to available: 0
   ➖ Removed from available: 0
   ➖ Removed from active: 0
   ✅ Available: 9, Active: 0

📂 Processing: CONTROL UNITS
   └─ Scanning 1 categories (self + children)
   🏷️  Found 0 unique attributes
   ⏭️  No attributes found, skipping

📂 Processing: CONTROL UNITS
   └─ Scanning 1 categories (self + children)
   🏷️  Found 0 unique attributes
   ⏭️  No attributes found, skipping

📂 Processing: CONTROL UNITS
   └─ Scanning 1 categories (self + children)
   🏷️  Found 0 unique attributes
   ⏭️  No attributes found, skipping

📂 Processing: DIMMABLE
   └─ Scanning 1 categories (self + children)
   🏷️  Found 22 unique attributes
   ➕ Added to available: 0
   ➖ Removed from available: 0
   ➖ Removed from active: 0
   ✅ Available: 22, Active: 0

📂 Processing: DIMMERS
   └─ Scanning 1 categories (self + children)
   🏷️  Found 0 unique attributes
   ⏭️  No attributes found, skipping

📂 Processing: DIMMERS
   └─ Scanning 1 categories (self + children)
   🏷️  Found 0 unique attributes
   ⏭️  No attributes found, skipping

📂 Processing: DIMMERS
   └─ Scanning 1 categories (self + children)
   🏷️  Found 24 unique attributes
   ➕ Added to available: 0
   ➖ Removed from available: 0
   ➖ Removed from active: 0
   ✅ Available: 24, Active: 0

📂 Processing: DMX
   └─ Scanning 1 categories (self + children)
   🏷️  Found 16 unique attributes
   ➕ Added to available: 0
   ➖ Removed from available: 0
   ➖ Removed from active: 0
   ✅ Available: 16, Active: 0

📂 Processing: ENCLOSED UNITS
   └─ Scanning 1 categories (self + children)
   🏷️  Found 12 unique attributes
   ➕ Added to available: 0
   ➖ Removed from available: 0
   ➖ Removed from active: 0
   ✅ Available: 12, Active: 0

📂 Processing: FLUSH MOUNT FIXTURES
   └─ Scanning 3 categories (self + children)
   🏷️  Found 22 unique attributes
   ➕ Added to available: 0
   ➖ Removed from available: 0
   ➖ Removed from active: 0
   ✅ Available: 22, Active: 0

📂 Processing: FOR MULTI COLOR LED STRIPS
   └─ Scanning 1 categories (self + children)
   🏷️  Found 0 unique attributes
   ⏭️  No attributes found, skipping

📂 Processing: FOR SINGLE COLOR LED STRIPS
   └─ Scanning 1 categories (self + children)
   🏷️  Found 8 unique attributes
   ➕ Added to available: 0
   ➖ Removed from available: 0
   ➖ Removed from active: 0
   ✅ Available: 8, Active: 0

📂 Processing: HAND HELD REMOTE CONTROL
   └─ Scanning 1 categories (self + children)
   🏷️  Found 25 unique attributes
   ➕ Added to available: 0
   ➖ Removed from available: 0
   ➖ Removed from active: 0
   ✅ Available: 25, Active: 0

📂 Processing: HAND HELD REMOTE CONTROL
   └─ Scanning 1 categories (self + children)
   🏷️  Found 21 unique attributes
   ➕ Added to available: 0
   ➖ Removed from available: 0
   ➖ Removed from active: 0
   ✅ Available: 21, Active: 0

📂 Processing: INDOOR
   └─ Scanning 4 categories (self + children)
   🏷️  Found 36 unique attributes
   ➕ Added to available: 0
   ➖ Removed from available: 0
   ➖ Removed from active: 0
   ✅ Available: 36, Active: 0

📂 Processing: KEYSTONES
   └─ Scanning 1 categories (self + children)
   🏷️  Found 0 unique attributes
   ⏭️  No attributes found, skipping

📂 Processing: KEYSTONES
   └─ Scanning 1 categories (self + children)
   🏷️  Found 0 unique attributes
   ⏭️  No attributes found, skipping

📂 Processing: KEYSTONES
   └─ Scanning 1 categories (self + children)
   🏷️  Found 14 unique attributes
   ➕ Added to available: 0
   ➖ Removed from available: 0
   ➖ Removed from active: 0
   ✅ Available: 14, Active: 0

📂 Processing: KEYSTONES
   └─ Scanning 1 categories (self + children)
   🏷️  Found 0 unique attributes
   ⏭️  No attributes found, skipping

📂 Processing: KEYSTONES
   └─ Scanning 1 categories (self + children)
   🏷️  Found 0 unique attributes
   ⏭️  No attributes found, skipping

📂 Processing: LED BACKLIGHT SHEETS
   └─ Scanning 1 categories (self + children)
   🏷️  Found 17 unique attributes
   ➕ Added to available: 0
   ➖ Removed from available: 0
   ➖ Removed from active: 0
   ✅ Available: 17, Active: 0

📂 Processing: LED Channels
   └─ Scanning 7 categories (self + children)
   🏷️  Found 19 unique attributes
   ➕ Added to available: 0
   ➖ Removed from available: 0
   ➖ Removed from active: 0
   ✅ Available: 19, Active: 0

📂 Processing: LED Controllers
   └─ Scanning 14 categories (self + children)
   🏷️  Found 56 unique attributes
   ➕ Added to available: 0
   ➖ Removed from available: 0
   ➖ Removed from active: 0
   ✅ Available: 56, Active: 0

📂 Processing: LED Drivers
   └─ Scanning 7 categories (self + children)
   🏷️  Found 27 unique attributes
   ➕ Added to available: 27
   ➖ Removed from available: 0
   ➖ Removed from active: 0
   ✅ Available: 27, Active: 2

📂 Processing: LED EDGE LIGHTS
   └─ Scanning 1 categories (self + children)
   🏷️  Found 0 unique attributes
   ⏭️  No attributes found, skipping

📂 Processing: LED MODULES
   └─ Scanning 1 categories (self + children)
   🏷️  Found 22 unique attributes
   ➕ Added to available: 0
   ➖ Removed from available: 0
   ➖ Removed from active: 0
   ✅ Available: 22, Active: 0

📂 Processing: LED Neon
   └─ Scanning 4 categories (self + children)
   🏷️  Found 0 unique attributes
   ⏭️  No attributes found, skipping

📂 Processing: LED Strips
   └─ Scanning 18 categories (self + children)
   🏷️  Found 36 unique attributes
   ➕ Added to available: 0
   ➖ Removed from available: 0
   ➖ Removed from active: 0
   ✅ Available: 36, Active: 4

📂 Processing: LEGRAND
   └─ Scanning 22 categories (self + children)
   🏷️  Found 39 unique attributes
   ➕ Added to available: 0
   ➖ Removed from available: 0
   ➖ Removed from active: 0
   ✅ Available: 39, Active: 0

📂 Processing: Linear Lighting Accessories
   └─ Scanning 3 categories (self + children)
   🏷️  Found 8 unique attributes
   ➕ Added to available: 0
   ➖ Removed from available: 0
   ➖ Removed from active: 0
   ✅ Available: 8, Active: 1

📂 Processing: LOW VOLTAGE DIMMERS
   └─ Scanning 3 categories (self + children)
   🏷️  Found 22 unique attributes
   ➕ Added to available: 0
   ➖ Removed from available: 0
   ➖ Removed from active: 0
   ✅ Available: 22, Active: 0

📂 Processing: LUTRON
   └─ Scanning 25 categories (self + children)
   🏷️  Found 0 unique attributes
   ⏭️  No attributes found, skipping

📂 Processing: MAESTRO
   └─ Scanning 6 categories (self + children)
   🏷️  Found 0 unique attributes
   ⏭️  No attributes found, skipping

📂 Processing: MULTICOLOR
   └─ Scanning 3 categories (self + children)
   🏷️  Found 25 unique attributes
   ➕ Added to available: 0
   ➖ Removed from available: 0
   ➖ Removed from active: 0
   ✅ Available: 25, Active: 0

📂 Processing: MULTICOLOR
   └─ Scanning 1 categories (self + children)
   🏷️  Found 0 unique attributes
   ⏭️  No attributes found, skipping

📂 Processing: MULTICOLOR
   └─ Scanning 1 categories (self + children)
   🏷️  Found 17 unique attributes
   ➕ Added to available: 0
   ➖ Removed from available: 0
   ➖ Removed from active: 0
   ✅ Available: 17, Active: 0

📂 Processing: MULTICOLOR
   └─ Scanning 1 categories (self + children)
   🏷️  Found 0 unique attributes
   ⏭️  No attributes found, skipping

📂 Processing: MULTICOLOR
   └─ Scanning 1 categories (self + children)
   🏷️  Found 21 unique attributes
   ➕ Added to available: 0
   ➖ Removed from available: 0
   ➖ Removed from active: 0
   ✅ Available: 21, Active: 0

📂 Processing: MULTICOLOR-DEFAULT
   └─ Scanning 1 categories (self + children)
   🏷️  Found 42 unique attributes
   ➕ Added to available: 0
   ➖ Removed from available: 0
   ➖ Removed from active: 0
   ✅ Available: 42, Active: 0

📂 Processing: NARROW LED STRIP
   └─ Scanning 1 categories (self + children)
   🏷️  Found 14 unique attributes
   ➕ Added to available: 0
   ➖ Removed from available: 0
   ➖ Removed from active: 0
   ✅ Available: 14, Active: 0

📂 Processing: NEW CONSTRUCTION
   └─ Scanning 1 categories (self + children)
   🏷️  Found 9 unique attributes
   ➕ Added to available: 0
   ➖ Removed from available: 0
   ➖ Removed from active: 0
   ✅ Available: 9, Active: 0

📂 Processing: OUTDOOR
   └─ Scanning 4 categories (self + children)
   🏷️  Found 21 unique attributes
   ➕ Added to available: 0
   ➖ Removed from available: 0
   ➖ Removed from active: 0
   ✅ Available: 21, Active: 0

📂 Processing: OUTLETS
   └─ Scanning 1 categories (self + children)
   🏷️  Found 0 unique attributes
   ⏭️  No attributes found, skipping

📂 Processing: OUTLETS
   └─ Scanning 1 categories (self + children)
   🏷️  Found 0 unique attributes
   ⏭️  No attributes found, skipping

📂 Processing: OUTLETS
   └─ Scanning 1 categories (self + children)
   🏷️  Found 24 unique attributes
   ➕ Added to available: 0
   ➖ Removed from available: 0
   ➖ Removed from active: 0
   ✅ Available: 24, Active: 0

📂 Processing: OUTLETS
   └─ Scanning 1 categories (self + children)
   🏷️  Found 0 unique attributes
   ⏭️  No attributes found, skipping

📂 Processing: OUTLETS
   └─ Scanning 1 categories (self + children)
   🏷️  Found 0 unique attributes
   ⏭️  No attributes found, skipping

📂 Processing: PICO REMOTES
   └─ Scanning 1 categories (self + children)
   🏷️  Found 0 unique attributes
   ⏭️  No attributes found, skipping

📂 Processing: PICO REMOTES
   └─ Scanning 1 categories (self + children)
   🏷️  Found 0 unique attributes
   ⏭️  No attributes found, skipping

📂 Processing: POWER CORDS
   └─ Scanning 1 categories (self + children)
   🏷️  Found 3 unique attributes
   ➕ Added to available: 0
   ➖ Removed from available: 0
   ➖ Removed from active: 0
   ✅ Available: 3, Active: 0

📂 Processing: PUCK LIGHTS
   └─ Scanning 1 categories (self + children)
   🏷️  Found 0 unique attributes
   ⏭️  No attributes found, skipping

📂 Processing: RADIANT COLLECTION
   └─ Scanning 10 categories (self + children)
   🏷️  Found 0 unique attributes
   ⏭️  No attributes found, skipping

📂 Processing: RADIO 2 SELECT
   └─ Scanning 9 categories (self + children)
   🏷️  Found 0 unique attributes
   ⏭️  No attributes found, skipping

📂 Processing: RECESSED HOUSING
   └─ Scanning 3 categories (self + children)
   🏷️  Found 9 unique attributes
   ➕ Added to available: 0
   ➖ Removed from available: 0
   ➖ Removed from active: 0
   ✅ Available: 9, Active: 0

📂 Processing: RECESSED MOUNTED
   └─ Scanning 1 categories (self + children)
   🏷️  Found 15 unique attributes
   ➕ Added to available: 0
   ➖ Removed from available: 0
   ➖ Removed from active: 0
   ✅ Available: 15, Active: 0

📂 Processing: REMODELING
   └─ Scanning 1 categories (self + children)
   🏷️  Found 9 unique attributes
   ➕ Added to available: 0
   ➖ Removed from available: 0
   ➖ Removed from active: 0
   ✅ Available: 9, Active: 0

📂 Processing: RETROFIT RECESSED DOWNLIGHTS
   └─ Scanning 3 categories (self + children)
   🏷️  Found 29 unique attributes
   ➕ Added to available: 0
   ➖ Removed from available: 0
   ➖ Removed from active: 0
   ✅ Available: 29, Active: 0

📂 Processing: RGB CONTROLLERS
   └─ Scanning 1 categories (self + children)
   🏷️  Found 18 unique attributes
   ➕ Added to available: 0
   ➖ Removed from available: 0
   ➖ Removed from active: 0
   ✅ Available: 18, Active: 0

📂 Processing: RGB LED STRIPS
   └─ Scanning 1 categories (self + children)
   🏷️  Found 20 unique attributes
   ➕ Added to available: 0
   ➖ Removed from available: 0
   ➖ Removed from active: 0
   ✅ Available: 20, Active: 0

📂 Processing: RGBW CONTROLLERS
   └─ Scanning 1 categories (self + children)
   🏷️  Found 12 unique attributes
   ➕ Added to available: 0
   ➖ Removed from available: 0
   ➖ Removed from active: 0
   ✅ Available: 12, Active: 0

📂 Processing: RGBW LED STRIP
   └─ Scanning 1 categories (self + children)
   🏷️  Found 14 unique attributes
   ➕ Added to available: 0
   ➖ Removed from available: 0
   ➖ Removed from active: 0
   ✅ Available: 14, Active: 0

📂 Processing: ROUND UNITS
   └─ Scanning 1 categories (self + children)
   🏷️  Found 21 unique attributes
   ➕ Added to available: 0
   ➖ Removed from available: 0
   ➖ Removed from active: 0
   ✅ Available: 21, Active: 0

📂 Processing: ROUND UNITS
   └─ Scanning 1 categories (self + children)
   🏷️  Found 29 unique attributes
   ➕ Added to available: 0
   ➖ Removed from available: 0
   ➖ Removed from active: 0
   ✅ Available: 29, Active: 0

📂 Processing: ROUND UNITS
   └─ Scanning 1 categories (self + children)
   🏷️  Found 29 unique attributes
   ➕ Added to available: 0
   ➖ Removed from available: 0
   ➖ Removed from active: 0
   ✅ Available: 29, Active: 0

📂 Processing: SINGLE COLOR
   └─ Scanning 1 categories (self + children)
   🏷️  Found 0 unique attributes
   ⏭️  No attributes found, skipping

📂 Processing: SINGLE COLOR
   └─ Scanning 1 categories (self + children)
   🏷️  Found 31 unique attributes
   ➕ Added to available: 0
   ➖ Removed from available: 0
   ➖ Removed from active: 0
   ✅ Available: 31, Active: 0

📂 Processing: SINGLE COLOR
   └─ Scanning 1 categories (self + children)
   🏷️  Found 0 unique attributes
   ⏭️  No attributes found, skipping

📂 Processing: SINGLE COLOR
   └─ Scanning 1 categories (self + children)
   🏷️  Found 0 unique attributes
   ⏭️  No attributes found, skipping

📂 Processing: SMART DIMMERS
   └─ Scanning 1 categories (self + children)
   🏷️  Found 23 unique attributes
   ➕ Added to available: 0
   ➖ Removed from available: 0
   ➖ Removed from active: 0
   ✅ Available: 23, Active: 0

📂 Processing: SMART DIMMERS
   └─ Scanning 1 categories (self + children)
   🏷️  Found 0 unique attributes
   ⏭️  No attributes found, skipping

📂 Processing: SMART DIMMERS
   └─ Scanning 1 categories (self + children)
   🏷️  Found 0 unique attributes
   ⏭️  No attributes found, skipping

📂 Processing: SMART OUTLETS
   └─ Scanning 1 categories (self + children)
   🏷️  Found 0 unique attributes
   ⏭️  No attributes found, skipping

📂 Processing: SMART SWITCHES
   └─ Scanning 1 categories (self + children)
   🏷️  Found 0 unique attributes
   ⏭️  No attributes found, skipping

📂 Processing: SMART SWITCHES
   └─ Scanning 1 categories (self + children)
   🏷️  Found 18 unique attributes
   ➕ Added to available: 0
   ➖ Removed from available: 0
   ➖ Removed from active: 0
   ✅ Available: 18, Active: 0

📂 Processing: SMART SWITCHES
   └─ Scanning 1 categories (self + children)
   🏷️  Found 0 unique attributes
   ⏭️  No attributes found, skipping

📂 Processing: SMART SWITCHES &amp; DIMMERS
   └─ Scanning 1 categories (self + children)
   🏷️  Found 0 unique attributes
   ⏭️  No attributes found, skipping

📂 Processing: SQUARE UNITS
   └─ Scanning 1 categories (self + children)
   🏷️  Found 28 unique attributes
   ➕ Added to available: 0
   ➖ Removed from available: 0
   ➖ Removed from active: 0
   ✅ Available: 28, Active: 0

📂 Processing: SQUARE UNITS
   └─ Scanning 1 categories (self + children)
   🏷️  Found 22 unique attributes
   ➕ Added to available: 0
   ➖ Removed from available: 0
   ➖ Removed from active: 0
   ✅ Available: 22, Active: 0

📂 Processing: SQUARE UNITS
   └─ Scanning 1 categories (self + children)
   🏷️  Found 27 unique attributes
   ➕ Added to available: 0
   ➖ Removed from available: 0
   ➖ Removed from active: 0
   ✅ Available: 27, Active: 0

📂 Processing: STAIR LIGHTING CONTROL
   └─ Scanning 1 categories (self + children)
   🏷️  Found 14 unique attributes
   ➕ Added to available: 0
   ➖ Removed from available: 0
   ➖ Removed from active: 0
   ✅ Available: 14, Active: 0

📂 Processing: SURFACED MOUNTED
   └─ Scanning 1 categories (self + children)
   🏷️  Found 18 unique attributes
   ➕ Added to available: 0
   ➖ Removed from available: 0
   ➖ Removed from active: 0
   ✅ Available: 18, Active: 0

📂 Processing: SUSPENDED PROFILES
   └─ Scanning 1 categories (self + children)
   🏷️  Found 0 unique attributes
   ⏭️  No attributes found, skipping

📂 Processing: SWITCHES
   └─ Scanning 1 categories (self + children)
   🏷️  Found 25 unique attributes
   ➕ Added to available: 0
   ➖ Removed from available: 0
   ➖ Removed from active: 0
   ✅ Available: 25, Active: 0

📂 Processing: SWITCHES
   └─ Scanning 1 categories (self + children)
   🏷️  Found 0 unique attributes
   ⏭️  No attributes found, skipping

📂 Processing: SWITCHES
   └─ Scanning 1 categories (self + children)
   🏷️  Found 0 unique attributes
   ⏭️  No attributes found, skipping

📂 Processing: Switches, Dimmers & Outlets
   └─ Scanning 48 categories (self + children)
   🏷️  Found 39 unique attributes
   ➕ Added to available: 0
   ➖ Removed from available: 0
   ➖ Removed from active: 0
   ✅ Available: 39, Active: 0

📂 Processing: TRIMLESS
   └─ Scanning 1 categories (self + children)
   🏷️  Found 15 unique attributes
   ➕ Added to available: 0
   ➖ Removed from available: 0
   ➖ Removed from active: 0
   ✅ Available: 15, Active: 0

📂 Processing: TUNABLE CONTROLLER
   └─ Scanning 1 categories (self + children)
   🏷️  Found 18 unique attributes
   ➕ Added to available: 0
   ➖ Removed from available: 0
   ➖ Removed from active: 0
   ✅ Available: 18, Active: 0

📂 Processing: Underground Lights
   └─ Scanning 1 categories (self + children)
   🏷️  Found 19 unique attributes
   ➕ Added to available: 0
   ➖ Removed from available: 0
   ➖ Removed from active: 0
   ✅ Available: 19, Active: 0

📂 Processing: WALL PLATES
   └─ Scanning 1 categories (self + children)
   🏷️  Found 0 unique attributes
   ⏭️  No attributes found, skipping

📂 Processing: WALL PLATES
   └─ Scanning 1 categories (self + children)
   🏷️  Found 0 unique attributes
   ⏭️  No attributes found, skipping

📂 Processing: WALL PLATES
   └─ Scanning 1 categories (self + children)
   🏷️  Found 0 unique attributes
   ⏭️  No attributes found, skipping

📂 Processing: WALL PLATES
   └─ Scanning 1 categories (self + children)
   🏷️  Found 0 unique attributes
   ⏭️  No attributes found, skipping

📂 Processing: WALL PLATES
   └─ Scanning 1 categories (self + children)
   🏷️  Found 14 unique attributes
   ➕ Added to available: 0
   ➖ Removed from available: 0
   ➖ Removed from active: 0
   ✅ Available: 14, Active: 0

📂 Processing: WATERPROOF
   └─ Scanning 1 categories (self + children)
   🏷️  Found 23 unique attributes
   ➕ Added to available: 0
   ➖ Removed from available: 0
   ➖ Removed from active: 0
   ✅ Available: 23, Active: 0

📂 Processing: WHITE LED STRIPS
   └─ Scanning 1 categories (self + children)
   🏷️  Found 31 unique attributes
   ➕ Added to available: 0
   ➖ Removed from available: 0
   ➖ Removed from active: 0
   ✅ Available: 31, Active: 0

📂 Processing: WI-FI DIRECT
   └─ Scanning 1 categories (self + children)
   🏷️  Found 0 unique attributes
   ⏭️  No attributes found, skipping

📂 Processing: WI-FI READY SYSTEM
   └─ Scanning 5 categories (self + children)
   🏷️  Found 26 unique attributes
   ➕ Added to available: 0
   ➖ Removed from available: 0
   ➖ Removed from active: 0
   ✅ Available: 26, Active: 0

📂 Processing: WI-FI READY SYSTEM
   └─ Scanning 1 categories (self + children)
   🏷️  Found 0 unique attributes
   ⏭️  No attributes found, skipping


🎉 NUCLEAR SYNC PHASE 1 COMPLETE!
   ✅ Processed: 75 categories
   ⏭️  Skipped (no attributes): 51
   📊 Total: 126

📝 Next: Calling /generate-filters for each category to build 'filters' metadata...
   This will take a moment...

⚠️  Failed to generate filters for: 0-10V LED DRIVERS (401)
⚠️  Failed to generate filters for: ACCESSORIES (401)
⚠️  Failed to generate filters for: ACCESSORIES (401)
⚠️  Failed to generate filters for: ACCESSORIES (401)
⚠️  Failed to generate filters for: ADJUSTABLE COLOR TEMPERATURE LED STRIP (401)
⚠️  Failed to generate filters for: ADORNE COLLECTION (401)
⚠️  Failed to generate filters for: AMPLIFIERS (401)
⚠️  Failed to generate filters for: ANGULAR (401)
⚠️  Failed to generate filters for: APP CONTROL (401)
⚠️  Failed to generate filters for: APP CONTROL (401)
⚠️  Failed to generate filters for: Backlighting (401)
⚠️  Failed to generate filters for: BY CATEGORIES (401)
⚠️  Failed to generate filters for: CABLE CONNECTORS (401)
⚠️  Failed to generate filters for: CABLE MODELS (401)
⚠️  Failed to generate filters for: Cables (401)
⚠️  Failed to generate filters for: CAN-FREE RECESSED LIGHTS (401)
⚠️  Failed to generate filters for: Ceiling Lights (401)
⚠️  Failed to generate filters for: CONSTANT VOLTAGE (401)
⚠️  Failed to generate filters for: Control Units (401)
⚠️  Failed to generate filters for: DIMMABLE (401)
⚠️  Failed to generate filters for: DIMMERS (401)
⚠️  Failed to generate filters for: DMX (401)
⚠️  Failed to generate filters for: ENCLOSED UNITS (401)
⚠️  Failed to generate filters for: FLUSH MOUNT FIXTURES (401)
⚠️  Failed to generate filters for: FOR SINGLE COLOR LED STRIPS (401)
⚠️  Failed to generate filters for: HAND HELD REMOTE CONTROL (401)
⚠️  Failed to generate filters for: HAND HELD REMOTE CONTROL (401)
⚠️  Failed to generate filters for: INDOOR (401)
⚠️  Failed to generate filters for: KEYSTONES (401)
⚠️  Failed to generate filters for: LED BACKLIGHT SHEETS (401)
⚠️  Failed to generate filters for: LED Channels (401)
⚠️  Failed to generate filters for: LED Controllers (401)
⚠️  Failed to generate filters for: LED MODULES (401)
⚠️  Failed to generate filters for: LED Strips (401)
⚠️  Failed to generate filters for: LEGRAND (401)
⚠️  Failed to generate filters for: Linear Lighting Accessories (401)
⚠️  Failed to generate filters for: LOW VOLTAGE DIMMERS (401)
⚠️  Failed to generate filters for: MULTICOLOR (401)
⚠️  Failed to generate filters for: MULTICOLOR (401)
⚠️  Failed to generate filters for: MULTICOLOR (401)
⚠️  Failed to generate filters for: MULTICOLOR-DEFAULT (401)
⚠️  Failed to generate filters for: NARROW LED STRIP (401)
⚠️  Failed to generate filters for: NEW CONSTRUCTION (401)
⚠️  Failed to generate filters for: OUTDOOR (401)
⚠️  Failed to generate filters for: OUTLETS (401)
⚠️  Failed to generate filters for: POWER CORDS (401)
⚠️  Failed to generate filters for: RECESSED HOUSING (401)
⚠️  Failed to generate filters for: RECESSED MOUNTED (401)
⚠️  Failed to generate filters for: REMODELING (401)
⚠️  Failed to generate filters for: RETROFIT RECESSED DOWNLIGHTS (401)
⚠️  Failed to generate filters for: RGB CONTROLLERS (401)
⚠️  Failed to generate filters for: RGB LED STRIPS (401)
⚠️  Failed to generate filters for: RGBW CONTROLLERS (401)
⚠️  Failed to generate filters for: RGBW LED STRIP (401)
⚠️  Failed to generate filters for: ROUND UNITS (401)
⚠️  Failed to generate filters for: ROUND UNITS (401)
⚠️  Failed to generate filters for: ROUND UNITS (401)
⚠️  Failed to generate filters for: SINGLE COLOR (401)
⚠️  Failed to generate filters for: SMART DIMMERS (401)
⚠️  Failed to generate filters for: SMART SWITCHES (401)
⚠️  Failed to generate filters for: SQUARE UNITS (401)
⚠️  Failed to generate filters for: SQUARE UNITS (401)
⚠️  Failed to generate filters for: SQUARE UNITS (401)
⚠️  Failed to generate filters for: STAIR LIGHTING CONTROL (401)
⚠️  Failed to generate filters for: SURFACED MOUNTED (401)
⚠️  Failed to generate filters for: SWITCHES (401)
⚠️  Failed to generate filters for: Switches, Dimmers & Outlets (401)
⚠️  Failed to generate filters for: TRIMLESS (401)
⚠️  Failed to generate filters for: TUNABLE CONTROLLER (401)
⚠️  Failed to generate filters for: Underground Lights (401)
⚠️  Failed to generate filters for: WALL PLATES (401)
⚠️  Failed to generate filters for: WATERPROOF (401)
⚠️  Failed to generate filters for: WHITE LED STRIPS (401)
⚠️  Failed to generate filters for: WI-FI READY SYSTEM (401)


🎊 NUCLEAR SYNC COMPLETE!
   ✅ Generated filters: 0 categories
   ❌ Failed: 74
   ⏭️  Skipped (no config): 51

✨ All done! Filters system is now fully synced.

